C:\Users\mafer\Documents\MCUXpresso\frdmrw612_freertos_queue_practica_IyP_2\component\els_pkc\src\comps\mcuxClEls\inc/internal/mcuxClEls_Internal.h:147:24:mcuxClEls_getSfrField	24	static
C:\Users\mafer\Documents\MCUXpresso\frdmrw612_freertos_queue_practica_IyP_2\component\els_pkc\src\comps\mcuxClEls\inc/internal/mcuxClEls_Internal.h:154:20:mcuxClEls_setSfrField	32	static
C:\Users\mafer\Documents\MCUXpresso\frdmrw612_freertos_queue_practica_IyP_2\component\els_pkc\src\comps\mcuxClEls\inc/internal/mcuxClEls_Internal.h:166:20:mcuxClEls_isBusy	4	static
../component/els_pkc/src/comps/mcuxClEls/src/mcuxClEls_Common.c:27:63:mcuxClEls_GetHwVersion	32	static
../component/els_pkc/src/comps/mcuxClEls/src/mcuxClEls_Common.c:37:63:mcuxClEls_GetHwConfig	32	static
../component/els_pkc/src/comps/mcuxClEls/src/mcuxClEls_Common.c:47:63:mcuxClEls_GetHwState	32	static
../component/els_pkc/src/comps/mcuxClEls/src/mcuxClEls_Common.c:56:63:mcuxClEls_Enable_Async	24	static
../component/els_pkc/src/comps/mcuxClEls/src/mcuxClEls_Common.c:66:63:mcuxClEls_Disable	32	static
../component/els_pkc/src/comps/mcuxClEls/src/mcuxClEls_Common.c:75:63:mcuxClEls_GetErrorCode	72	static
../component/els_pkc/src/comps/mcuxClEls/src/mcuxClEls_Common.c:132:63:mcuxClEls_GetErrorLevel	64	static
../component/els_pkc/src/comps/mcuxClEls/src/mcuxClEls_Common.c:148:63:mcuxClEls_WaitForOperation	64	static
../component/els_pkc/src/comps/mcuxClEls/src/mcuxClEls_Common.c:166:63:mcuxClEls_LimitedWaitForOperation	72	static
../component/els_pkc/src/comps/mcuxClEls/src/mcuxClEls_Common.c:196:63:mcuxClEls_ResetErrorFlags	32	static
../component/els_pkc/src/comps/mcuxClEls/src/mcuxClEls_Common.c:211:63:mcuxClEls_Reset_Async	48	static
../component/els_pkc/src/comps/mcuxClEls/src/mcuxClEls_Common.c:232:63:mcuxClEls_SetIntEnableFlags	32	static
../component/els_pkc/src/comps/mcuxClEls/src/mcuxClEls_Common.c:241:63:mcuxClEls_GetIntEnableFlags	32	static
../component/els_pkc/src/comps/mcuxClEls/src/mcuxClEls_Common.c:250:63:mcuxClEls_ResetIntFlags	32	static
../component/els_pkc/src/comps/mcuxClEls/src/mcuxClEls_Common.c:259:63:mcuxClEls_SetIntFlags	32	static
../component/els_pkc/src/comps/mcuxClEls/src/mcuxClEls_Common.c:268:63:mcuxClEls_SetRandomStartDelay	56	static
../component/els_pkc/src/comps/mcuxClEls/src/mcuxClEls_Common.c:285:63:mcuxClEls_GetRandomStartDelay	40	static
