../drivers/fsl_clock.h:756:24:CLOCK_GetSysOscFreq	4	static
../drivers/fsl_clock.h:764:24:CLOCK_GetMclkInClkFreq	4	static
../drivers/fsl_clock.h:772:24:CLOCK_GetLpOscFreq	4	static
../drivers/fsl_clock.h:780:24:CLOCK_GetClk32KFreq	4	static
../drivers/fsl_clock.c:101:13:CLOCK_Delay	16	static
../drivers/fsl_clock.c:115:13:CLOCK_DelayUs	24	static
../drivers/fsl_clock.c:126:10:CLOCK_GetT3PllMciIrcClkFreq	16	static
../drivers/fsl_clock.c:150:10:CLOCK_GetT3PllMci213mClkFreq	16	static
../drivers/fsl_clock.c:159:10:CLOCK_GetT3PllMci256mClkFreq	16	static
../drivers/fsl_clock.c:168:10:CLOCK_GetT3PllMciFlexspiClkFreq	16	static
../drivers/fsl_clock.c:175:17:CLOCK_GetTcpuFvcoFreq	16	static
../drivers/fsl_clock.c:205:10:CLOCK_GetTcpuMciClkFreq	16	static
../drivers/fsl_clock.c:214:10:CLOCK_GetTcpuMciFlexspiClkFreq	16	static
../drivers/fsl_clock.c:225:10:CLOCK_GetTddrMciFlexspiClkFreq	16	static
../drivers/fsl_clock.c:236:10:CLOCK_GetTddrMciEnetClkFreq	16	static
../drivers/fsl_clock.c:247:6:CLOCK_EnableClock	24	static
../drivers/fsl_clock.c:307:6:CLOCK_DisableClock	24	static
../drivers/fsl_clock.c:358:6:CLOCK_AttachClk	32	static
../drivers/fsl_clock.c:407:6:CLOCK_SetClkDiv	24	static
../drivers/fsl_clock.c:439:10:CLOCK_GetFreq	24	static
../drivers/fsl_clock.c:461:10:CLOCK_GetFFroFreq	8	static
../drivers/fsl_clock.c:469:10:CLOCK_GetSFroFreq	8	static
../drivers/fsl_clock.c:477:10:CLOCK_GetAvPllCh1Freq	24	static
../drivers/fsl_clock.c:499:10:CLOCK_GetAvPllCh2Freq	24	static
../drivers/fsl_clock.c:518:17:CLOCK_GetMainPllClkFreq	8	static
../drivers/fsl_clock.c:523:17:CLOCK_GetAux0PllClkFreq	8	static
../drivers/fsl_clock.c:528:17:CLOCK_GetAux1PllClkFreq	8	static
../drivers/fsl_clock.c:533:17:CLOCK_GetAudioPllClkFreq	8	static
../drivers/fsl_clock.c:542:10:CLOCK_GetMainClkFreq	16	static
../drivers/fsl_clock.c:593:10:CLOCK_GetCoreSysClkFreq	8	static
../drivers/fsl_clock.c:601:10:CLOCK_GetSystickClkFreq	16	static
../drivers/fsl_clock.c:635:10:CLOCK_GetFRGClock	80	static
../drivers/fsl_clock.c:691:6:CLOCK_SetFRGClock	24	static
../drivers/fsl_clock.c:717:10:CLOCK_GetDmicClkFreq	16	static
../drivers/fsl_clock.c:762:10:CLOCK_GetLcdClkFreq	16	static
../drivers/fsl_clock.c:795:10:CLOCK_GetWdtClkFreq	16	static
../drivers/fsl_clock.c:820:10:CLOCK_GetMclkClkFreq	16	static
../drivers/fsl_clock.c:845:10:CLOCK_GetSctClkFreq	16	static
../drivers/fsl_clock.c:887:10:CLOCK_GetFlexCommClkFreq	24	static
../drivers/fsl_clock.c:939:10:CLOCK_GetCTimerClkFreq	24	static
../drivers/fsl_clock.c:982:10:CLOCK_GetUtickClkFreq	16	static
../drivers/fsl_clock.c:1007:10:CLOCK_GetFlexspiClkFreq	16	static
../drivers/fsl_clock.c:1052:10:CLOCK_GetUsimClkFreq	16	static
../drivers/fsl_clock.c:1081:10:CLOCK_GetGauClkFreq	16	static
../drivers/fsl_clock.c:1110:10:CLOCK_GetOSTimerClkFreq	16	static
../drivers/fsl_clock.c:1143:6:CLOCK_EnableXtal32K	16	static
../drivers/fsl_clock.c:1164:6:CLOCK_EnableRtc32K	16	static
../drivers/fsl_clock.c:1176:17:CLOCK_CfgTcpuRefClk	24	static
../drivers/fsl_clock.c:1222:10:CLOCK_InitTcpuRefClk	24	static
../drivers/fsl_clock.c:1247:6:CLOCK_DeinitTcpuRefClk	8	static
../drivers/fsl_clock.c:1265:6:CLOCK_InitTddrRefClk	16	static
../drivers/fsl_clock.c:1287:6:CLOCK_DeinitTddrRefClk	8	static
../drivers/fsl_clock.c:1305:6:CLOCK_InitT3RefClk	16	static
../drivers/fsl_clock.c:1331:6:CLOCK_DeinitT3RefClk	8	static
../drivers/fsl_clock.c:1346:13:CLOCK_ConfigAvPll	40	static
../drivers/fsl_clock.c:1383:13:CLOCK_ConfigAvPllCh1	16	static
../drivers/fsl_clock.c:1398:13:CLOCK_ConfigAvPllCh2	16	static
../drivers/fsl_clock.c:1410:13:CLOCK_PowerUpAnaGrp	16	static
../drivers/fsl_clock.c:1421:13:CLOCK_PowerDownAnaGrp	16	static
../drivers/fsl_clock.c:1436:6:CLOCK_EnableAvPllCh	24	static
../drivers/fsl_clock.c:1524:6:CLOCK_DisableAvPllCh	16	static
../drivers/fsl_clock.c:1546:6:CLOCK_InitAvPll	16	static
../drivers/fsl_clock.c:1581:6:CLOCK_DeinitAvPll	8	static
../drivers/fsl_clock.c:1607:6:CLOCK_ConfigAvPllCh	24	static
../drivers/fsl_clock.c:1645:6:CLOCK_EnableUsbhsPhyClock	16	static
../drivers/fsl_clock.c:1684:6:CLOCK_DisableUsbhsPhyClock	16	static
