C:\Users\mafer\Documents\MCUXpresso\frdmrw612_freertos_queue_practica_IyP_2\CMSIS/core_cm33.h:2390:22:__NVIC_EnableIRQ	16	static
../drivers/fsl_common_arm.h:586:24:EnableIRQ	24	static
../drivers/fsl_common_arm.h:804:24:DisableGlobalIRQ	16	static
../drivers/fsl_common_arm.h:830:20:EnableGlobalIRQ	24	static
../drivers/fsl_usart.h:541:20:USART_EnableInterrupts	16	static
../drivers/fsl_usart.h:561:20:USART_DisableInterrupts	16	static
../drivers/fsl_usart.h:575:24:USART_GetEnabledInterrupts	16	static
../drivers/fsl_usart.h:638:20:USART_EnableContinuousSCLK	16	static
../drivers/fsl_usart.c:55:10:USART_GetInstance	24	static
../drivers/fsl_usart.c:77:8:USART_TransferGetRxRingBufferLength	24	static
../drivers/fsl_usart.c:97:13:USART_TransferIsRxRingBufferFull	24	static
../drivers/fsl_usart.c:132:6:USART_TransferStartRingBuffer	24	static
../drivers/fsl_usart.c:156:6:USART_TransferStopRingBuffer	16	static
../drivers/fsl_usart.c:193:10:USART_Init	32	static
../drivers/fsl_usart.c:275:6:USART_Deinit	16	static
../drivers/fsl_usart.c:317:6:USART_GetDefaultConfig	16	static
../drivers/fsl_usart.c:435:10:USART_SetBaudRate	56	static
../drivers/fsl_usart.c:527:10:USART_Enable32kMode	32	static
../drivers/fsl_usart.c:564:6:USART_Enable9bitMode	24	static
../drivers/fsl_usart.c:591:6:USART_SendAddress	16	static
../drivers/fsl_usart.c:610:10:USART_WriteBlocking	24	static
../drivers/fsl_usart.c:680:10:USART_ReadBlocking	32	static
../drivers/fsl_usart.c:768:10:USART_TransferCreateHandle	32	static
../drivers/fsl_usart.c:820:10:USART_TransferSendNonBlocking	32	static
../drivers/fsl_usart.c:868:6:USART_TransferAbortSend	16	static
../drivers/fsl_usart.c:893:10:USART_TransferGetSendCount	24	static
../drivers/fsl_usart.c:935:10:USART_TransferReceiveNonBlocking	56	static
../drivers/fsl_usart.c:1071:6:USART_TransferAbortReceive	16	static
../drivers/fsl_usart.c:1100:10:USART_TransferGetReceiveCount	24	static
../drivers/fsl_usart.c:1123:6:USART_TransferHandleIRQ	40	static
