C:\Users\mafer\Documents\MCUXpresso\frdmrw612_freertos_queue_practica_IyP_2\CMSIS/core_cm33.h:2390:22:__NVIC_EnableIRQ	16	static
../drivers/fsl_common_arm.h:586:24:EnableIRQ	24	static
../drivers/fsl_flexspi.h:431:20:FLEXSPI_SoftwareReset	16	static
../drivers/fsl_flexspi.h:469:20:FLEXSPI_EnableInterrupts	16	static
../drivers/fsl_flexspi.h:480:20:FLEXSPI_DisableInterrupts	16	static
../drivers/fsl_flexspi.h:615:20:FLEXSPI_ClearInterruptStatusFlags	16	static
../drivers/fsl_flexspi.h:686:20:FLEXSPI_GetBusIdleStatus	16	static
../drivers/fsl_flexspi.c:118:13:FLEXSPI_Memset	32	static
../drivers/fsl_flexspi.c:130:10:FLEXSPI_GetInstance	24	static
../drivers/fsl_flexspi.c:148:17:FLEXSPI_CalculateDll	40	static
../drivers/fsl_flexspi.c:213:10:FLEXSPI_CheckAndClearError	24	static
../drivers/fsl_flexspi.c:255:6:FLEXSPI_Init	24	static
../drivers/fsl_flexspi.c:361:6:FLEXSPI_GetDefaultConfig	24	static
../drivers/fsl_flexspi.c:419:6:FLEXSPI_Deinit	16	static
../drivers/fsl_flexspi.c:432:6:FLEXSPI_UpdateDllValue	40	static
../drivers/fsl_flexspi.c:494:6:FLEXSPI_SetFlashConfig	32	static
../drivers/fsl_flexspi.c:587:6:FLEXSPI_UpdateLUT	32	static
../drivers/fsl_flexspi.c:623:6:FLEXSPI_UpdateRxSampleClock	24	static
../drivers/fsl_flexspi.c:652:10:FLEXSPI_WriteBlocking	48	static
../drivers/fsl_flexspi.c:731:10:FLEXSPI_ReadBlocking	48	static
../drivers/fsl_flexspi.c:836:10:FLEXSPI_TransferBlocking	24	static
../drivers/fsl_flexspi.c:904:6:FLEXSPI_TransferCreateHandle	32	static
../drivers/fsl_flexspi.c:945:10:FLEXSPI_TransferNonBlocking	32	static
../drivers/fsl_flexspi.c:1022:10:FLEXSPI_TransferGetCount	32	static
../drivers/fsl_flexspi.c:1049:6:FLEXSPI_TransferAbort	16	static
../drivers/fsl_flexspi.c:1063:6:FLEXSPI_TransferHandleIRQ	64	static
../drivers/fsl_flexspi.c:1213:6:FLEXSPI_DriverIRQHandler	8	static
