C:\Users\mafer\Documents\MCUXpresso\frdmrw612_freertos_queue_practica_IyP_2\CMSIS/core_cm33.h:2359:22:__NVIC_SetPriorityGrouping	24	static
C:\Users\mafer\Documents\MCUXpresso\frdmrw612_freertos_queue_practica_IyP_2\CMSIS/core_cm33.h:2378:26:__NVIC_GetPriorityGrouping	4	static
../drivers/fsl_common_arm.h:804:24:DisableGlobalIRQ	16	static
../drivers/fsl_common_arm.h:830:20:EnableGlobalIRQ	24	static
../drivers/fsl_power.c:567:6:POWER_SetSleepMode	16	static
../drivers/fsl_power.c:1062:6:POWER_EnterPowerMode	24	static
../drivers/fsl_power.c:1268:6:POWER_DisableGDetVSensors	32	static
../drivers/fsl_power.c:1341:6:POWER_EnableGDetVSensors	32	static
../drivers/fsl_power.c:130:1:POWER_Delay	16	static
../drivers/fsl_power.c:144:1:POWER_DelayUs	24	static
../drivers/fsl_power.c:152:13:POWER_GetThresholdParams	24	static
../drivers/fsl_power.c:196:13:POWER_SaveNvicState	24	static
../drivers/fsl_power.c:239:13:POWER_RestoreNvicState	24	static
../drivers/fsl_power.c:279:1:POWER_SaveGdetVSensorConfig	4	static
../drivers/fsl_power.c:293:1:POWER_RestoreGdetVSensorConfig	4	static
../drivers/fsl_power.c:311:6:CAPTIMER_DriverIRQHandler	8	static
../drivers/fsl_power.c:327:6:POWER_GetWakeupStatus	24	static
../drivers/fsl_power.c:390:6:POWER_ClearWakeupStatus	24	static
../drivers/fsl_power.c:449:6:POWER_EnableWakeup	24	static
../drivers/fsl_power.c:508:6:POWER_DisableWakeup	24	static
../drivers/fsl_power.c:589:1:Power_ConfigClkGate	24	static
../drivers/fsl_power.c:604:1:deinitXip	4	static
../drivers/fsl_power.c:620:1:initFlexSPI	32	static
../drivers/fsl_power.c:681:1:initXip	8	static
../drivers/fsl_power.c:692:6:POWER_ConfigCauInSleep	16	static
../drivers/fsl_power.c:713:1:POWER_PrePowerMode	24	static
../drivers/fsl_power.c:792:1:POWER_PostPowerMode	16	static
../drivers/fsl_power.c:833:1:POWER_EnterPm3Asm	24	static
../drivers/fsl_power.c:937:13:POWER_InitVSensorThreshold	64	static
../drivers/fsl_power.c:991:6:POWER_GetCurrentSleepConfig	16	static
../drivers/fsl_power.c:1002:6:POWER_InitPowerConfig	24	static
../drivers/fsl_power.c:1051:6:POWER_SetPowerSwitchCallback	24	static
../drivers/fsl_power.c:1093:6:POWER_PowerOnWlan	16	static
../drivers/fsl_power.c:1117:6:POWER_PowerOffWlan	16	static
../drivers/fsl_power.c:1138:6:POWER_PowerOnBle	16	static
../drivers/fsl_power.c:1161:6:POWER_PowerOffBle	16	static
../drivers/fsl_power.c:1182:6:POWER_PowerOnGau	4	static
../drivers/fsl_power.c:1190:6:POWER_PowerOffGau	4	static
../drivers/fsl_power.c:1195:6:POWER_EnableCaptSlowPulseTimer	24	static
../drivers/fsl_power.c:1209:6:POWER_EnableCaptFastPulseTimer	24	static
../drivers/fsl_power.c:1219:6:POWER_DisableCaptPulseTimer	4	static
../drivers/fsl_power.c:1224:6:Power_InitLoadGdetCfg	24	static
../drivers/fsl_power.c:1236:6:POWER_InitVoltage	24	static
../drivers/fsl_power.c:1415:10:POWER_TrimSvc	48	static
