../freertos/freertos-kernel/event_groups.c:139:24:xEventGroupCreate	16	static
../freertos/freertos-kernel/event_groups.c:179:13:xEventGroupSync	48	static
../freertos/freertos-kernel/event_groups.c:306:13:xEventGroupWaitBits	56	static
../freertos/freertos-kernel/event_groups.c:466:13:xEventGroupClearBits	24	static
../freertos/freertos-kernel/event_groups.c:500:16:xEventGroupClearBitsFromISR	24	static
../freertos/freertos-kernel/event_groups.c:518:13:xEventGroupGetBitsFromISR	32	static
../freertos/freertos-kernel/event_groups.c:538:13:xEventGroupSetBits	56	static
../freertos/freertos-kernel/event_groups.c:638:6:vEventGroupDelete	24	static
../freertos/freertos-kernel/event_groups.c:736:6:vEventGroupSetBitsCallback	16	static
../freertos/freertos-kernel/event_groups.c:752:6:vEventGroupClearBitsCallback	16	static
../freertos/freertos-kernel/event_groups.c:766:19:prvTestWaitCondition	32	static
../freertos/freertos-kernel/event_groups.c:805:16:xEventGroupSetBitsFromISR	32	static
../freertos/freertos-kernel/event_groups.c:826:17:uxEventGroupGetNumber	24	static
../freertos/freertos-kernel/event_groups.c:856:10:vEventGroupSetNumber	16	static
